// Vitest Snapshot v1, https://vitest.dev/guide/snapshot.html

exports[`PriceCard > should match snapshots 1`] = `
<div>
  <div
    class="bg-gradient-to-br from-blue-600 to-green-500 p-6 rounded-lg shadow-xl transition-transform duration-300 ease-out transform hover:scale-105 hover:shadow-2xl"
  >
    <h2
      class="text-lg font-semibold text-white tracking-wide mb-2"
    >
      GBP
    </h2>
    <p
      class="text-4xl font-extrabold text-white tracking-tight"
    >
      300
    </p>
  </div>
</div>
`;
